main.c:289:6:CS_Select	8	static
main.c:296:6:CS_Deselect	8	static
main.c:302:6:wait_Miso	8	static,ignoring_inline_asm
main.c:309:6:writeReg	24	static
main.c:331:6:halRfWriteReg	16	static
main.c:337:6:command_strobe1	16	static
main.c:346:6:readReg	24	static
main.c:372:6:send_data_sequence	24	static
main.c:403:5:main	40	dynamic
main.c:528:6:SystemClock_Config	88	static
main.c:567:13:MX_CAN1_Init	8	static
main.c:604:13:MX_CAN2_Init	8	static
main.c:641:13:MX_SPI3_Init	8	static
main.c:679:13:MX_GPIO_Init	48	static
main.c:738:7:HAL_GPIO_EXTI_Callback	16	static
main.c:783:6:Error_Handler	4	static
