main.c:281:6:CS_Select	8	static
main.c:288:6:CS_Deselect	8	static
main.c:294:6:wait_Miso	8	static,ignoring_inline_asm
main.c:301:6:writeReg	24	static
main.c:323:6:halRfWriteReg	16	static
main.c:329:6:command_strobe1	16	static
main.c:338:6:readReg	24	static
main.c:369:5:main	8	static
main.c:422:6:SystemClock_Config	88	static
main.c:461:13:MX_CAN1_Init	8	static
main.c:498:13:MX_CAN2_Init	8	static
main.c:535:13:MX_SPI3_Init	8	static
main.c:573:13:MX_GPIO_Init	48	static
main.c:624:6:Error_Handler	4	static
