main.c:284:6:CS_Select	8	static
main.c:291:6:CS_Deselect	8	static
main.c:297:6:wait_Miso	8	static,ignoring_inline_asm
main.c:304:6:writeReg	24	static
main.c:326:6:halRfWriteReg	16	static
main.c:332:6:command_strobe1	16	static
main.c:341:6:readReg	24	static
main.c:367:6:send_data_sequence	24	static
main.c:398:5:main	40	dynamic
main.c:564:6:SystemClock_Config	88	static
main.c:603:13:MX_CAN1_Init	8	static
main.c:640:13:MX_CAN2_Init	8	static
main.c:677:13:MX_SPI3_Init	8	static
main.c:715:13:MX_GPIO_Init	48	static
main.c:774:7:HAL_GPIO_EXTI_Callback	16	static
main.c:795:6:Error_Handler	4	static
