Archive member included to satisfy reference by file (symbol)

c:/st/stm32cubeide_1.2.0/stm32cubeide/plugins/com.st.stm32cube.ide.mcu.externaltools.gnu-tools-for-stm32.7-2018-q2-update.win32_1.0.0.201904181610/tools/bin/../lib/gcc/arm-none-eabi/7.3.1/../../../../arm-none-eabi/lib/thumb/v7e-m/fpv4-sp/hard\libc_nano.a(lib_a-errno.o)
                              Core/Src/syscalls.o (__errno)
c:/st/stm32cubeide_1.2.0/stm32cubeide/plugins/com.st.stm32cube.ide.mcu.externaltools.gnu-tools-for-stm32.7-2018-q2-update.win32_1.0.0.201904181610/tools/bin/../lib/gcc/arm-none-eabi/7.3.1/../../../../arm-none-eabi/lib/thumb/v7e-m/fpv4-sp/hard\libc_nano.a(lib_a-exit.o)
                              c:/st/stm32cubeide_1.2.0/stm32cubeide/plugins/com.st.stm32cube.ide.mcu.externaltools.gnu-tools-for-stm32.7-2018-q2-update.win32_1.0.0.201904181610/tools/bin/../lib/gcc/arm-none-eabi/7.3.1/../../../../arm-none-eabi/lib/thumb/v7e-m/fpv4-sp/hard/crt0.o (exit)
c:/st/stm32cubeide_1.2.0/stm32cubeide/plugins/com.st.stm32cube.ide.mcu.externaltools.gnu-tools-for-stm32.7-2018-q2-update.win32_1.0.0.201904181610/tools/bin/../lib/gcc/arm-none-eabi/7.3.1/../../../../arm-none-eabi/lib/thumb/v7e-m/fpv4-sp/hard\libc_nano.a(lib_a-impure.o)
                              c:/st/stm32cubeide_1.2.0/stm32cubeide/plugins/com.st.stm32cube.ide.mcu.externaltools.gnu-tools-for-stm32.7-2018-q2-update.win32_1.0.0.201904181610/tools/bin/../lib/gcc/arm-none-eabi/7.3.1/../../../../arm-none-eabi/lib/thumb/v7e-m/fpv4-sp/hard\libc_nano.a(lib_a-exit.o) (_global_impure_ptr)
c:/st/stm32cubeide_1.2.0/stm32cubeide/plugins/com.st.stm32cube.ide.mcu.externaltools.gnu-tools-for-stm32.7-2018-q2-update.win32_1.0.0.201904181610/tools/bin/../lib/gcc/arm-none-eabi/7.3.1/../../../../arm-none-eabi/lib/thumb/v7e-m/fpv4-sp/hard\libc_nano.a(lib_a-init.o)
                              c:/st/stm32cubeide_1.2.0/stm32cubeide/plugins/com.st.stm32cube.ide.mcu.externaltools.gnu-tools-for-stm32.7-2018-q2-update.win32_1.0.0.201904181610/tools/bin/../lib/gcc/arm-none-eabi/7.3.1/../../../../arm-none-eabi/lib/thumb/v7e-m/fpv4-sp/hard/crt0.o (__libc_init_array)
c:/st/stm32cubeide_1.2.0/stm32cubeide/plugins/com.st.stm32cube.ide.mcu.externaltools.gnu-tools-for-stm32.7-2018-q2-update.win32_1.0.0.201904181610/tools/bin/../lib/gcc/arm-none-eabi/7.3.1/../../../../arm-none-eabi/lib/thumb/v7e-m/fpv4-sp/hard\libc_nano.a(lib_a-memset.o)
                              c:/st/stm32cubeide_1.2.0/stm32cubeide/plugins/com.st.stm32cube.ide.mcu.externaltools.gnu-tools-for-stm32.7-2018-q2-update.win32_1.0.0.201904181610/tools/bin/../lib/gcc/arm-none-eabi/7.3.1/../../../../arm-none-eabi/lib/thumb/v7e-m/fpv4-sp/hard/crt0.o (memset)
c:/st/stm32cubeide_1.2.0/stm32cubeide/plugins/com.st.stm32cube.ide.mcu.externaltools.gnu-tools-for-stm32.7-2018-q2-update.win32_1.0.0.201904181610/tools/bin/../lib/gcc/arm-none-eabi/7.3.1/thumb/v7e-m/fpv4-sp/hard\libgcc.a(_aeabi_uldivmod.o)
                              Drivers/STM32F4xx_HAL_Driver/Src/stm32f4xx_hal_rcc.o (__aeabi_uldivmod)
c:/st/stm32cubeide_1.2.0/stm32cubeide/plugins/com.st.stm32cube.ide.mcu.externaltools.gnu-tools-for-stm32.7-2018-q2-update.win32_1.0.0.201904181610/tools/bin/../lib/gcc/arm-none-eabi/7.3.1/thumb/v7e-m/fpv4-sp/hard\libgcc.a(_udivmoddi4.o)
                              c:/st/stm32cubeide_1.2.0/stm32cubeide/plugins/com.st.stm32cube.ide.mcu.externaltools.gnu-tools-for-stm32.7-2018-q2-update.win32_1.0.0.201904181610/tools/bin/../lib/gcc/arm-none-eabi/7.3.1/thumb/v7e-m/fpv4-sp/hard\libgcc.a(_aeabi_uldivmod.o) (__udivmoddi4)
c:/st/stm32cubeide_1.2.0/stm32cubeide/plugins/com.st.stm32cube.ide.mcu.externaltools.gnu-tools-for-stm32.7-2018-q2-update.win32_1.0.0.201904181610/tools/bin/../lib/gcc/arm-none-eabi/7.3.1/thumb/v7e-m/fpv4-sp/hard\libgcc.a(_dvmd_tls.o)
                              c:/st/stm32cubeide_1.2.0/stm32cubeide/plugins/com.st.stm32cube.ide.mcu.externaltools.gnu-tools-for-stm32.7-2018-q2-update.win32_1.0.0.201904181610/tools/bin/../lib/gcc/arm-none-eabi/7.3.1/thumb/v7e-m/fpv4-sp/hard\libgcc.a(_aeabi_uldivmod.o) (__aeabi_ldiv0)

Allocating common symbols
Common symbol       size              file

uwTick              0x4               Drivers/STM32F4xx_HAL_Driver/Src/stm32f4xx_hal.o
pFlash              0x20              Drivers/STM32F4xx_HAL_Driver/Src/stm32f4xx_hal_flash.o
hspi3               0x58              Core/Src/main.o
hcan2               0x28              Core/Src/main.o
hcan1               0x28              Core/Src/main.o
SPI_BUFFER          0x8               Core/Src/main.o

Discarded input sections

 .text          0x0000000000000000        0x0 c:/st/stm32cubeide_1.2.0/stm32cubeide/plugins/com.st.stm32cube.ide.mcu.externaltools.gnu-tools-for-stm32.7-2018-q2-update.win32_1.0.0.201904181610/tools/bin/../lib/gcc/arm-none-eabi/7.3.1/thumb/v7e-m/fpv4-sp/hard/crti.o
[...]
Memory Configuration

Name             Origin             Length             Attributes
CCMRAM           0x0000000010000000 0x0000000000010000 xrw
RAM              0x0000000020000000 0x0000000000020000 xrw
FLASH            0x0000000008000000 0x0000000000100000 xr
*default*        0x0000000000000000 0xffffffffffffffff

Linker script and memory map

LOAD c:/st/stm32cubeide_1.2.0/stm32cubeide/plugins/com.st.stm32cube.ide.mcu.externaltools.gnu-tools-for-stm32.7-2018-q2-update.win32_1.0.0.201904181610/tools/bin/../lib/gcc/arm-none-eabi/7.3.1/thumb/v7e-m/fpv4-sp/hard/crti.o
LOAD c:/st/stm32cubeide_1.2.0/stm32cubeide/plugins/com.st.stm32cube.ide.mcu.externaltools.gnu-tools-for-stm32.7-2018-q2-update.win32_1.0.0.201904181610/tools/bin/../lib/gcc/arm-none-eabi/7.3.1/thumb/v7e-m/fpv4-sp/hard/crtbegin.o
LOAD c:/st/stm32cubeide_1.2.0/stm32cubeide/plugins/com.st.stm32cube.ide.mcu.externaltools.gnu-tools-for-stm32.7-2018-q2-update.win32_1.0.0.201904181610/tools/bin/../lib/gcc/arm-none-eabi/7.3.1/../../../../arm-none-eabi/lib/thumb/v7e-m/fpv4-sp/hard/crt0.o
LOAD Core/Src/CC1200_250kbps.o
LOAD Core/Src/CC1200_500kbps.o
LOAD Core/Src/CC1200_50kbps.o
LOAD Core/Src/main.o
LOAD Core/Src/stm32f4xx_hal_msp.o
LOAD Core/Src/stm32f4xx_it.o
LOAD Core/Src/syscalls.o
LOAD Core/Src/sysmem.o
LOAD Core/Src/system_stm32f4xx.o
LOAD Core/Startup/startup_stm32f407vgtx.o
LOAD Drivers/STM32F4xx_HAL_Driver/Src/stm32f4xx_hal.o
LOAD Drivers/STM32F4xx_HAL_Driver/Src/stm32f4xx_hal_can.o
LOAD Drivers/STM32F4xx_HAL_Driver/Src/stm32f4xx_hal_cortex.o
LOAD Drivers/STM32F4xx_HAL_Driver/Src/stm32f4xx_hal_dma.o
LOAD Drivers/STM32F4xx_HAL_Driver/Src/stm32f4xx_hal_dma_ex.o
LOAD Drivers/STM32F4xx_HAL_Driver/Src/stm32f4xx_hal_exti.o
LOAD Drivers/STM32F4xx_HAL_Driver/Src/stm32f4xx_hal_flash.o
LOAD Drivers/STM32F4xx_HAL_Driver/Src/stm32f4xx_hal_flash_ex.o
LOAD Drivers/STM32F4xx_HAL_Driver/Src/stm32f4xx_hal_flash_ramfunc.o
LOAD Drivers/STM32F4xx_HAL_Driver/Src/stm32f4xx_hal_gpio.o
LOAD Drivers/STM32F4xx_HAL_Driver/Src/stm32f4xx_hal_pwr.o
LOAD Drivers/STM32F4xx_HAL_Driver/Src/stm32f4xx_hal_pwr_ex.o
LOAD Drivers/STM32F4xx_HAL_Driver/Src/stm32f4xx_hal_rcc.o
LOAD Drivers/STM32F4xx_HAL_Driver/Src/stm32f4xx_hal_rcc_ex.o
LOAD Drivers/STM32F4xx_HAL_Driver/Src/stm32f4xx_hal_spi.o
LOAD Drivers/STM32F4xx_HAL_Driver/Src/stm32f4xx_hal_tim.o
LOAD Drivers/STM32F4xx_HAL_Driver/Src/stm32f4xx_hal_tim_ex.o
START GROUP
LOAD c:/st/stm32cubeide_1.2.0/stm32cubeide/plugins/com.st.stm32cube.ide.mcu.externaltools.gnu-tools-for-stm32.7-2018-q2-update.win32_1.0.0.201904181610/tools/bin/../lib/gcc/arm-none-eabi/7.3.1/../../../../arm-none-eabi/lib/thumb/v7e-m/fpv4-sp/hard\libc_nano.a
LOAD c:/st/stm32cubeide_1.2.0/stm32cubeide/plugins/com.st.stm32cube.ide.mcu.externaltools.gnu-tools-for-stm32.7-2018-q2-update.win32_1.0.0.201904181610/tools/bin/../lib/gcc/arm-none-eabi/7.3.1/../../../../arm-none-eabi/lib/thumb/v7e-m/fpv4-sp/hard\libm.a
END GROUP
START GROUP
LOAD c:/st/stm32cubeide_1.2.0/stm32cubeide/plugins/com.st.stm32cube.ide.mcu.externaltools.gnu-tools-for-stm32.7-2018-q2-update.win32_1.0.0.201904181610/tools/bin/../lib/gcc/arm-none-eabi/7.3.1/thumb/v7e-m/fpv4-sp/hard\libgcc.a
LOAD c:/st/stm32cubeide_1.2.0/stm32cubeide/plugins/com.st.stm32cube.ide.mcu.externaltools.gnu-tools-for-stm32.7-2018-q2-update.win32_1.0.0.201904181610/tools/bin/../lib/gcc/arm-none-eabi/7.3.1/../../../../arm-none-eabi/lib/thumb/v7e-m/fpv4-sp/hard\libc_nano.a
END GROUP
START GROUP
LOAD c:/st/stm32cubeide_1.2.0/stm32cubeide/plugins/com.st.stm32cube.ide.mcu.externaltools.gnu-tools-for-stm32.7-2018-q2-update.win32_1.0.0.201904181610/tools/bin/../lib/gcc/arm-none-eabi/7.3.1/thumb/v7e-m/fpv4-sp/hard\libgcc.a
LOAD c:/st/stm32cubeide_1.2.0/stm32cubeide/plugins/com.st.stm32cube.ide.mcu.externaltools.gnu-tools-for-stm32.7-2018-q2-update.win32_1.0.0.201904181610/tools/bin/../lib/gcc/arm-none-eabi/7.3.1/../../../../arm-none-eabi/lib/thumb/v7e-m/fpv4-sp/hard\libc_nano.a
LOAD c:/st/stm32cubeide_1.2.0/stm32cubeide/plugins/com.st.stm32cube.ide.mcu.externaltools.gnu-tools-for-stm32.7-2018-q2-update.win32_1.0.0.201904181610/tools/bin/../lib/gcc/arm-none-eabi/7.3.1/../../../../arm-none-eabi/lib/thumb/v7e-m/fpv4-sp/hard\libnosys.a
END GROUP
START GROUP
LOAD c:/st/stm32cubeide_1.2.0/stm32cubeide/plugins/com.st.stm32cube.ide.mcu.externaltools.gnu-tools-for-stm32.7-2018-q2-update.win32_1.0.0.201904181610/tools/bin/../lib/gcc/arm-none-eabi/7.3.1/thumb/v7e-m/fpv4-sp/hard\libgcc.a
LOAD c:/st/stm32cubeide_1.2.0/stm32cubeide/plugins/com.st.stm32cube.ide.mcu.externaltools.gnu-tools-for-stm32.7-2018-q2-update.win32_1.0.0.201904181610/tools/bin/../lib/gcc/arm-none-eabi/7.3.1/../../../../arm-none-eabi/lib/thumb/v7e-m/fpv4-sp/hard\libc_nano.a
LOAD c:/st/stm32cubeide_1.2.0/stm32cubeide/plugins/com.st.stm32cube.ide.mcu.externaltools.gnu-tools-for-stm32.7-2018-q2-update.win32_1.0.0.201904181610/tools/bin/../lib/gcc/arm-none-eabi/7.3.1/../../../../arm-none-eabi/lib/thumb/v7e-m/fpv4-sp/hard\libnosys.a
END GROUP
LOAD c:/st/stm32cubeide_1.2.0/stm32cubeide/plugins/com.st.stm32cube.ide.mcu.externaltools.gnu-tools-for-stm32.7-2018-q2-update.win32_1.0.0.201904181610/tools/bin/../lib/gcc/arm-none-eabi/7.3.1/thumb/v7e-m/fpv4-sp/hard/crtend.o
LOAD c:/st/stm32cubeide_1.2.0/stm32cubeide/plugins/com.st.stm32cube.ide.mcu.externaltools.gnu-tools-for-stm32.7-2018-q2-update.win32_1.0.0.201904181610/tools/bin/../lib/gcc/arm-none-eabi/7.3.1/thumb/v7e-m/fpv4-sp/hard/crtn.o
                0x0000000020020000                _estack = (ORIGIN (RAM) + LENGTH (RAM))
                0x0000000000000200                _Min_Heap_Size = 0x200
                0x0000000000000400                _Min_Stack_Size = 0x400

.isr_vector     0x0000000008000000      0x188
                0x0000000008000000                . = ALIGN (0x4)
 *(.isr_vector)
 .isr_vector    0x0000000008000000      0x188 Core/Startup/startup_stm32f407vgtx.o
                0x0000000008000000                g_pfnVectors
                0x0000000008000188                . = ALIGN (0x4)

.text           0x0000000008000188     0x309c
                0x0000000008000188                . = ALIGN (0x4)
 *(.text)
 .text          0x0000000008000188       0x40 c:/st/stm32cubeide_1.2.0/stm32cubeide/plugins/com.st.stm32cube.ide.mcu.externaltools.gnu-tools-for-stm32.7-2018-q2-update.win32_1.0.0.201904181610/tools/bin/../lib/gcc/arm-none-eabi/7.3.1/thumb/v7e-m/fpv4-sp/hard/crtbegin.o
 .text          0x00000000080001c8       0x30 c:/st/stm32cubeide_1.2.0/stm32cubeide/plugins/com.st.stm32cube.ide.mcu.externaltools.gnu-tools-for-stm32.7-2018-q2-update.win32_1.0.0.201904181610/tools/bin/../lib/gcc/arm-none-eabi/7.3.1/thumb/v7e-m/fpv4-sp/hard\libgcc.a(_aeabi_uldivmod.o)
                0x00000000080001c8                __aeabi_uldivmod
 .text          0x00000000080001f8      0x2cc c:/st/stm32cubeide_1.2.0/stm32cubeide/plugins/com.st.stm32cube.ide.mcu.externaltools.gnu-tools-for-stm32.7-2018-q2-update.win32_1.0.0.201904181610/tools/bin/../lib/gcc/arm-none-eabi/7.3.1/thumb/v7e-m/fpv4-sp/hard\libgcc.a(_udivmoddi4.o)
                0x00000000080001f8                __udivmoddi4
 .text          0x00000000080004c4        0x4 c:/st/stm32cubeide_1.2.0/stm32cubeide/plugins/com.st.stm32cube.ide.mcu.externaltools.gnu-tools-for-stm32.7-2018-q2-update.win32_1.0.0.201904181610/tools/bin/../lib/gcc/arm-none-eabi/7.3.1/thumb/v7e-m/fpv4-sp/hard\libgcc.a(_dvmd_tls.o)
                0x00000000080004c4                __aeabi_idiv0
                0x00000000080004c4                __aeabi_ldiv0
 *(.text*)
 .text.CC1200_250kbps_settings
                0x00000000080004c8      0x1e0 Core/Src/CC1200_250kbps.o
                0x00000000080004c8                CC1200_250kbps_settings
 .text.CC1200_500kbps_settings
                0x00000000080006a8      0x1f0 Core/Src/CC1200_500kbps.o
                0x00000000080006a8                CC1200_500kbps_settings
 .text.CC1200_50kbps_settings
                0x0000000008000898      0x1bc Core/Src/CC1200_50kbps.o
                0x0000000008000898                CC1200_50kbps_settings
 .text.CS_Select
                0x0000000008000a54       0x18 Core/Src/main.o
                0x0000000008000a54                CS_Select
 .text.CS_Deselect
                0x0000000008000a6c       0x18 Core/Src/main.o
                0x0000000008000a6c                CS_Deselect
 .text.wait_Miso
                0x0000000008000a84       0x20 Core/Src/main.o
                0x0000000008000a84                wait_Miso
 .text.writeReg
                0x0000000008000aa4       0x94 Core/Src/main.o
                0x0000000008000aa4                writeReg
 .text.halRfWriteReg
                0x0000000008000b38       0x24 Core/Src/main.o
                0x0000000008000b38                halRfWriteReg
 .text.command_strobe1
                0x0000000008000b5c       0x34 Core/Src/main.o
                0x0000000008000b5c                command_strobe1
 .text.readReg  0x0000000008000b90       0xa8 Core/Src/main.o
                0x0000000008000b90                readReg
 .text.send_data_sequence
                0x0000000008000c38       0xcc Core/Src/main.o
                0x0000000008000c38                send_data_sequence
 .text.main     0x0000000008000d04      0x1a0 Core/Src/main.o
                0x0000000008000d04                main
 .text.SystemClock_Config
                0x0000000008000ea4       0xbc Core/Src/main.o
                0x0000000008000ea4                SystemClock_Config
 .text.MX_CAN1_Init
                0x0000000008000f60       0x68 Core/Src/main.o
 .text.MX_CAN2_Init
                0x0000000008000fc8       0x68 Core/Src/main.o
 .text.MX_SPI3_Init
                0x0000000008001030       0x6c Core/Src/main.o
 .text.MX_GPIO_Init
                0x000000000800109c      0x168 Core/Src/main.o
 .text.HAL_GPIO_EXTI_Callback
                0x0000000008001204       0xcc Core/Src/main.o
                0x0000000008001204                HAL_GPIO_EXTI_Callback
 .text.Error_Handler
                0x00000000080012d0        0xe Core/Src/main.o
                0x00000000080012d0                Error_Handler
 *fill*         0x00000000080012de        0x2 
 .text.HAL_MspInit
                0x00000000080012e0       0x50 Core/Src/stm32f4xx_hal_msp.o
                0x00000000080012e0                HAL_MspInit
 .text.HAL_CAN_MspInit
                0x0000000008001330      0x144 Core/Src/stm32f4xx_hal_msp.o
                0x0000000008001330                HAL_CAN_MspInit
 .text.HAL_SPI_MspInit
                0x0000000008001474       0x90 Core/Src/stm32f4xx_hal_msp.o
                0x0000000008001474                HAL_SPI_MspInit
 .text.NMI_Handler
                0x0000000008001504        0xe Core/Src/stm32f4xx_it.o
                0x0000000008001504                NMI_Handler
 .text.HardFault_Handler
                0x0000000008001512        0x6 Core/Src/stm32f4xx_it.o
                0x0000000008001512                HardFault_Handler
 .text.MemManage_Handler
                0x0000000008001518        0x6 Core/Src/stm32f4xx_it.o
                0x0000000008001518                MemManage_Handler
 .text.BusFault_Handler
                0x000000000800151e        0x6 Core/Src/stm32f4xx_it.o
                0x000000000800151e                BusFault_Handler
 .text.UsageFault_Handler
                0x0000000008001524        0x6 Core/Src/stm32f4xx_it.o
                0x0000000008001524                UsageFault_Handler
 .text.SVC_Handler
                0x000000000800152a        0xe Core/Src/stm32f4xx_it.o
                0x000000000800152a                SVC_Handler
 .text.DebugMon_Handler
                0x0000000008001538        0xe Core/Src/stm32f4xx_it.o
                0x0000000008001538                DebugMon_Handler
 .text.PendSV_Handler
                0x0000000008001546        0xe Core/Src/stm32f4xx_it.o
                0x0000000008001546                PendSV_Handler
 .text.SysTick_Handler
                0x0000000008001554        0xc Core/Src/stm32f4xx_it.o
                0x0000000008001554                SysTick_Handler
 .text.EXTI9_5_IRQHandler
                0x0000000008001560        0xe Core/Src/stm32f4xx_it.o
                0x0000000008001560                EXTI9_5_IRQHandler
 *fill*         0x000000000800156e        0x2 
 .text.SystemInit
                0x0000000008001570       0x2c Core/Src/system_stm32f4xx.o
                0x0000000008001570                SystemInit
 .text.Reset_Handler
                0x000000000800159c       0x50 Core/Startup/startup_stm32f407vgtx.o
                0x000000000800159c                Reset_Handler
 .text.Default_Handler
                0x00000000080015ec        0x2 Core/Startup/startup_stm32f407vgtx.o
                0x00000000080015ec                RTC_Alarm_IRQHandler
                0x00000000080015ec                HASH_RNG_IRQHandler
                0x00000000080015ec                EXTI2_IRQHandler
                0x00000000080015ec                TIM8_CC_IRQHandler
                0x00000000080015ec                TIM1_CC_IRQHandler
                0x00000000080015ec                DMA2_Stream5_IRQHandler
                0x00000000080015ec                DMA1_Stream5_IRQHandler
                0x00000000080015ec                PVD_IRQHandler
                0x00000000080015ec                SDIO_IRQHandler
                0x00000000080015ec                TAMP_STAMP_IRQHandler
                0x00000000080015ec                CAN2_RX1_IRQHandler
                0x00000000080015ec                EXTI3_IRQHandler
                0x00000000080015ec                TIM8_TRG_COM_TIM14_IRQHandler
                0x00000000080015ec                TIM1_UP_TIM10_IRQHandler
                0x00000000080015ec                TIM8_UP_TIM13_IRQHandler
                0x00000000080015ec                I2C3_ER_IRQHandler
                0x00000000080015ec                EXTI0_IRQHandler
                0x00000000080015ec                I2C2_EV_IRQHandler
                0x00000000080015ec                DMA1_Stream2_IRQHandler
                0x00000000080015ec                CAN1_RX0_IRQHandler
                0x00000000080015ec                FPU_IRQHandler
                0x00000000080015ec                OTG_HS_WKUP_IRQHandler
                0x00000000080015ec                CAN2_SCE_IRQHandler
                0x00000000080015ec                DMA2_Stream2_IRQHandler
                0x00000000080015ec                SPI1_IRQHandler
                0x00000000080015ec                TIM6_DAC_IRQHandler
                0x00000000080015ec                TIM1_BRK_TIM9_IRQHandler
                0x00000000080015ec                DCMI_IRQHandler
                0x00000000080015ec                CAN2_RX0_IRQHandler
                0x00000000080015ec                DMA2_Stream3_IRQHandler
                0x00000000080015ec                USART6_IRQHandler
                0x00000000080015ec                USART3_IRQHandler
                0x00000000080015ec                CAN1_RX1_IRQHandler
                0x00000000080015ec                UART5_IRQHandler
                0x00000000080015ec                DMA2_Stream0_IRQHandler
                0x00000000080015ec                TIM4_IRQHandler
                0x00000000080015ec                I2C1_EV_IRQHandler
                0x00000000080015ec                DMA1_Stream6_IRQHandler
                0x00000000080015ec                DMA1_Stream1_IRQHandler
                0x00000000080015ec                UART4_IRQHandler
                0x00000000080015ec                TIM3_IRQHandler
                0x00000000080015ec                RCC_IRQHandler
                0x00000000080015ec                TIM8_BRK_TIM12_IRQHandler
                0x00000000080015ec                Default_Handler
                0x00000000080015ec                EXTI15_10_IRQHandler
                0x00000000080015ec                ADC_IRQHandler
                0x00000000080015ec                DMA1_Stream7_IRQHandler
                0x00000000080015ec                TIM7_IRQHandler
                0x00000000080015ec                CAN2_TX_IRQHandler
                0x00000000080015ec                TIM5_IRQHandler
                0x00000000080015ec                DMA2_Stream7_IRQHandler
                0x00000000080015ec                I2C3_EV_IRQHandler
                0x00000000080015ec                RTC_WKUP_IRQHandler
                0x00000000080015ec                ETH_WKUP_IRQHandler
                0x00000000080015ec                SPI2_IRQHandler
                0x00000000080015ec                OTG_HS_EP1_IN_IRQHandler
                0x00000000080015ec                DMA1_Stream0_IRQHandler
                0x00000000080015ec                CAN1_TX_IRQHandler
                0x00000000080015ec                EXTI4_IRQHandler
                0x00000000080015ec                FSMC_IRQHandler
                0x00000000080015ec                ETH_IRQHandler
                0x00000000080015ec                OTG_HS_EP1_OUT_IRQHandler
                0x00000000080015ec                WWDG_IRQHandler
                0x00000000080015ec                TIM2_IRQHandler
                0x00000000080015ec                OTG_FS_WKUP_IRQHandler
                0x00000000080015ec                TIM1_TRG_COM_TIM11_IRQHandler
                0x00000000080015ec                OTG_HS_IRQHandler
                0x00000000080015ec                EXTI1_IRQHandler
                0x00000000080015ec                USART2_IRQHandler
                0x00000000080015ec                I2C2_ER_IRQHandler
                0x00000000080015ec                DMA2_Stream1_IRQHandler
                0x00000000080015ec                CAN1_SCE_IRQHandler
                0x00000000080015ec                FLASH_IRQHandler
                0x00000000080015ec                DMA2_Stream4_IRQHandler
                0x00000000080015ec                USART1_IRQHandler
                0x00000000080015ec                OTG_FS_IRQHandler
                0x00000000080015ec                SPI3_IRQHandler
                0x00000000080015ec                DMA1_Stream4_IRQHandler
                0x00000000080015ec                I2C1_ER_IRQHandler
                0x00000000080015ec                DMA2_Stream6_IRQHandler
                0x00000000080015ec                DMA1_Stream3_IRQHandler
 *fill*         0x00000000080015ee        0x2 
 .text.HAL_Init
                0x00000000080015f0       0x44 Drivers/STM32F4xx_HAL_Driver/Src/stm32f4xx_hal.o
                0x00000000080015f0                HAL_Init
 .text.HAL_InitTick
                0x0000000008001634       0x60 Drivers/STM32F4xx_HAL_Driver/Src/stm32f4xx_hal.o
                0x0000000008001634                HAL_InitTick
 .text.HAL_IncTick
                0x0000000008001694       0x28 Drivers/STM32F4xx_HAL_Driver/Src/stm32f4xx_hal.o
                0x0000000008001694                HAL_IncTick
 .text.HAL_GetTick
                0x00000000080016bc       0x18 Drivers/STM32F4xx_HAL_Driver/Src/stm32f4xx_hal.o
                0x00000000080016bc                HAL_GetTick
 .text.HAL_Delay
                0x00000000080016d4       0x44 Drivers/STM32F4xx_HAL_Driver/Src/stm32f4xx_hal.o
                0x00000000080016d4                HAL_Delay
 .text.HAL_CAN_Init
                0x0000000008001718      0x1f6 Drivers/STM32F4xx_HAL_Driver/Src/stm32f4xx_hal_can.o
                0x0000000008001718                HAL_CAN_Init
 *fill*         0x000000000800190e        0x2 
 .text.__NVIC_SetPriorityGrouping
                0x0000000008001910       0x48 Drivers/STM32F4xx_HAL_Driver/Src/stm32f4xx_hal_cortex.o
 .text.__NVIC_GetPriorityGrouping
                0x0000000008001958       0x1c Drivers/STM32F4xx_HAL_Driver/Src/stm32f4xx_hal_cortex.o
 .text.__NVIC_EnableIRQ
                0x0000000008001974       0x3c Drivers/STM32F4xx_HAL_Driver/Src/stm32f4xx_hal_cortex.o
 .text.__NVIC_SetPriority
                0x00000000080019b0       0x54 Drivers/STM32F4xx_HAL_Driver/Src/stm32f4xx_hal_cortex.o
 .text.NVIC_EncodePriority
                0x0000000008001a04       0x66 Drivers/STM32F4xx_HAL_Driver/Src/stm32f4xx_hal_cortex.o
 *fill*         0x0000000008001a6a        0x2 
 .text.SysTick_Config
                0x0000000008001a6c       0x44 Drivers/STM32F4xx_HAL_Driver/Src/stm32f4xx_hal_cortex.o
 .text.HAL_NVIC_SetPriorityGrouping
                0x0000000008001ab0       0x16 Drivers/STM32F4xx_HAL_Driver/Src/stm32f4xx_hal_cortex.o
                0x0000000008001ab0                HAL_NVIC_SetPriorityGrouping
 .text.HAL_NVIC_SetPriority
                0x0000000008001ac6       0x38 Drivers/STM32F4xx_HAL_Driver/Src/stm32f4xx_hal_cortex.o
                0x0000000008001ac6                HAL_NVIC_SetPriority
 .text.HAL_NVIC_EnableIRQ
                0x0000000008001afe       0x1c Drivers/STM32F4xx_HAL_Driver/Src/stm32f4xx_hal_cortex.o
                0x0000000008001afe                HAL_NVIC_EnableIRQ
 .text.HAL_SYSTICK_Config
                0x0000000008001b1a       0x18 Drivers/STM32F4xx_HAL_Driver/Src/stm32f4xx_hal_cortex.o
                0x0000000008001b1a                HAL_SYSTICK_Config
 *fill*         0x0000000008001b32        0x2 
 .text.HAL_GPIO_Init
                0x0000000008001b34      0x334 Drivers/STM32F4xx_HAL_Driver/Src/stm32f4xx_hal_gpio.o
                0x0000000008001b34                HAL_GPIO_Init
 .text.HAL_GPIO_ReadPin
                0x0000000008001e68       0x30 Drivers/STM32F4xx_HAL_Driver/Src/stm32f4xx_hal_gpio.o
                0x0000000008001e68                HAL_GPIO_ReadPin
 .text.HAL_GPIO_WritePin
                0x0000000008001e98       0x32 Drivers/STM32F4xx_HAL_Driver/Src/stm32f4xx_hal_gpio.o
                0x0000000008001e98                HAL_GPIO_WritePin
 *fill*         0x0000000008001eca        0x2 
 .text.HAL_GPIO_EXTI_IRQHandler
                0x0000000008001ecc       0x30 Drivers/STM32F4xx_HAL_Driver/Src/stm32f4xx_hal_gpio.o
                0x0000000008001ecc                HAL_GPIO_EXTI_IRQHandler
 .text.HAL_RCC_OscConfig
                0x0000000008001efc      0x4e0 Drivers/STM32F4xx_HAL_Driver/Src/stm32f4xx_hal_rcc.o
                0x0000000008001efc                HAL_RCC_OscConfig
 .text.HAL_RCC_ClockConfig
                0x00000000080023dc      0x1cc Drivers/STM32F4xx_HAL_Driver/Src/stm32f4xx_hal_rcc.o
                0x00000000080023dc                HAL_RCC_ClockConfig
 .text.HAL_RCC_GetSysClockFreq
                0x00000000080025a8      0x164 Drivers/STM32F4xx_HAL_Driver/Src/stm32f4xx_hal_rcc.o
                0x00000000080025a8                HAL_RCC_GetSysClockFreq
 .text.HAL_SPI_Init
                0x000000000800270c       0xc8 Drivers/STM32F4xx_HAL_Driver/Src/stm32f4xx_hal_spi.o
                0x000000000800270c                HAL_SPI_Init
 .text.HAL_SPI_Transmit
                0x00000000080027d4      0x268 Drivers/STM32F4xx_HAL_Driver/Src/stm32f4xx_hal_spi.o
                0x00000000080027d4                HAL_SPI_Transmit
 .text.HAL_SPI_Receive
                0x0000000008002a3c      0x212 Drivers/STM32F4xx_HAL_Driver/Src/stm32f4xx_hal_spi.o
                0x0000000008002a3c                HAL_SPI_Receive
 .text.HAL_SPI_TransmitReceive
                0x0000000008002c4e      0x344 Drivers/STM32F4xx_HAL_Driver/Src/stm32f4xx_hal_spi.o
                0x0000000008002c4e                HAL_SPI_TransmitReceive
 .text.SPI_WaitFlagStateUntilTimeout
                0x0000000008002f92       0xd4 Drivers/STM32F4xx_HAL_Driver/Src/stm32f4xx_hal_spi.o
 .text.SPI_EndRxTransaction
                0x0000000008003066       0xca Drivers/STM32F4xx_HAL_Driver/Src/stm32f4xx_hal_spi.o
 .text.SPI_EndRxTxTransaction
                0x0000000008003130       0x84 Drivers/STM32F4xx_HAL_Driver/Src/stm32f4xx_hal_spi.o
 .text.__libc_init_array
                0x00000000080031b4       0x48 c:/st/stm32cubeide_1.2.0/stm32cubeide/plugins/com.st.stm32cube.ide.mcu.externaltools.gnu-tools-for-stm32.7-2018-q2-update.win32_1.0.0.201904181610/tools/bin/../lib/gcc/arm-none-eabi/7.3.1/../../../../arm-none-eabi/lib/thumb/v7e-m/fpv4-sp/hard\libc_nano.a(lib_a-init.o)
                0x00000000080031b4                __libc_init_array
 .text.memset   0x00000000080031fc       0x10 c:/st/stm32cubeide_1.2.0/stm32cubeide/plugins/com.st.stm32cube.ide.mcu.externaltools.gnu-tools-for-stm32.7-2018-q2-update.win32_1.0.0.201904181610/tools/bin/../lib/gcc/arm-none-eabi/7.3.1/../../../../arm-none-eabi/lib/thumb/v7e-m/fpv4-sp/hard\libc_nano.a(lib_a-memset.o)
                0x00000000080031fc                memset
 *(.glue_7)
 .glue_7        0x000000000800320c        0x0 linker stubs
 *(.glue_7t)
 .glue_7t       0x000000000800320c        0x0 linker stubs
 *(.eh_frame)
 .eh_frame      0x000000000800320c        0x0 c:/st/stm32cubeide_1.2.0/stm32cubeide/plugins/com.st.stm32cube.ide.mcu.externaltools.gnu-tools-for-stm32.7-2018-q2-update.win32_1.0.0.201904181610/tools/bin/../lib/gcc/arm-none-eabi/7.3.1/thumb/v7e-m/fpv4-sp/hard/crtbegin.o
 *(.init)
 .init          0x000000000800320c        0x4 c:/st/stm32cubeide_1.2.0/stm32cubeide/plugins/com.st.stm32cube.ide.mcu.externaltools.gnu-tools-for-stm32.7-2018-q2-update.win32_1.0.0.201904181610/tools/bin/../lib/gcc/arm-none-eabi/7.3.1/thumb/v7e-m/fpv4-sp/hard/crti.o
                0x000000000800320c                _init
 .init          0x0000000008003210        0x8 c:/st/stm32cubeide_1.2.0/stm32cubeide/plugins/com.st.stm32cube.ide.mcu.externaltools.gnu-tools-for-stm32.7-2018-q2-update.win32_1.0.0.201904181610/tools/bin/../lib/gcc/arm-none-eabi/7.3.1/thumb/v7e-m/fpv4-sp/hard/crtn.o
 *(.fini)
 .fini          0x0000000008003218        0x4 c:/st/stm32cubeide_1.2.0/stm32cubeide/plugins/com.st.stm32cube.ide.mcu.externaltools.gnu-tools-for-stm32.7-2018-q2-update.win32_1.0.0.201904181610/tools/bin/../lib/gcc/arm-none-eabi/7.3.1/thumb/v7e-m/fpv4-sp/hard/crti.o
                0x0000000008003218                _fini
 .fini          0x000000000800321c        0x8 c:/st/stm32cubeide_1.2.0/stm32cubeide/plugins/com.st.stm32cube.ide.mcu.externaltools.gnu-tools-for-stm32.7-2018-q2-update.win32_1.0.0.201904181610/tools/bin/../lib/gcc/arm-none-eabi/7.3.1/thumb/v7e-m/fpv4-sp/hard/crtn.o
                0x0000000008003224                . = ALIGN (0x4)
                0x0000000008003224                _etext = .

.vfp11_veneer   0x0000000008003224        0x0
 .vfp11_veneer  0x0000000008003224        0x0 linker stubs

.v4_bx          0x0000000008003224        0x0
 .v4_bx         0x0000000008003224        0x0 linker stubs

.iplt           0x0000000008003224        0x0
 .iplt          0x0000000008003224        0x0 c:/st/stm32cubeide_1.2.0/stm32cubeide/plugins/com.st.stm32cube.ide.mcu.externaltools.gnu-tools-for-stm32.7-2018-q2-update.win32_1.0.0.201904181610/tools/bin/../lib/gcc/arm-none-eabi/7.3.1/thumb/v7e-m/fpv4-sp/hard/crtbegin.o

.rodata         0x0000000008003224       0x10
                0x0000000008003224                . = ALIGN (0x4)
 *(.rodata)
 *(.rodata*)
 .rodata.AHBPrescTable
                0x0000000008003224       0x10 Core/Src/system_stm32f4xx.o
                0x0000000008003224                AHBPrescTable
                0x0000000008003234                . = ALIGN (0x4)

.ARM.extab      0x0000000008003234        0x0
                0x0000000008003234                . = ALIGN (0x4)
 *(.ARM.extab* .gnu.linkonce.armextab.*)
                0x0000000008003234                . = ALIGN (0x4)

.ARM            0x0000000008003234        0x8
                0x0000000008003234                . = ALIGN (0x4)
                0x0000000008003234                __exidx_start = .
 *(.ARM.exidx*)
 .ARM.exidx     0x0000000008003234        0x8 c:/st/stm32cubeide_1.2.0/stm32cubeide/plugins/com.st.stm32cube.ide.mcu.externaltools.gnu-tools-for-stm32.7-2018-q2-update.win32_1.0.0.201904181610/tools/bin/../lib/gcc/arm-none-eabi/7.3.1/thumb/v7e-m/fpv4-sp/hard\libgcc.a(_udivmoddi4.o)
                0x000000000800323c                __exidx_end = .
                0x000000000800323c                . = ALIGN (0x4)

.rel.dyn        0x000000000800323c        0x0
 .rel.iplt      0x000000000800323c        0x0 c:/st/stm32cubeide_1.2.0/stm32cubeide/plugins/com.st.stm32cube.ide.mcu.externaltools.gnu-tools-for-stm32.7-2018-q2-update.win32_1.0.0.201904181610/tools/bin/../lib/gcc/arm-none-eabi/7.3.1/thumb/v7e-m/fpv4-sp/hard/crtbegin.o

.preinit_array  0x000000000800323c        0x0
                0x000000000800323c                . = ALIGN (0x4)
                0x000000000800323c                PROVIDE (__preinit_array_start = .)
 *(.preinit_array*)
                0x000000000800323c                PROVIDE (__preinit_array_end = .)
                0x000000000800323c                . = ALIGN (0x4)

.init_array     0x000000000800323c        0x4
                0x000000000800323c                . = ALIGN (0x4)
                0x000000000800323c                PROVIDE (__init_array_start = .)
 *(SORT_BY_NAME(.init_array.*))
 *(.init_array*)
 .init_array    0x000000000800323c        0x4 c:/st/stm32cubeide_1.2.0/stm32cubeide/plugins/com.st.stm32cube.ide.mcu.externaltools.gnu-tools-for-stm32.7-2018-q2-update.win32_1.0.0.201904181610/tools/bin/../lib/gcc/arm-none-eabi/7.3.1/thumb/v7e-m/fpv4-sp/hard/crtbegin.o
                0x0000000008003240                PROVIDE (__init_array_end = .)
                0x0000000008003240                . = ALIGN (0x4)

.fini_array     0x0000000008003240        0x4
                0x0000000008003240                . = ALIGN (0x4)
                [!provide]                        PROVIDE (__fini_array_start = .)
 *(SORT_BY_NAME(.fini_array.*))
 *(.fini_array*)
 .fini_array    0x0000000008003240        0x4 c:/st/stm32cubeide_1.2.0/stm32cubeide/plugins/com.st.stm32cube.ide.mcu.externaltools.gnu-tools-for-stm32.7-2018-q2-update.win32_1.0.0.201904181610/tools/bin/../lib/gcc/arm-none-eabi/7.3.1/thumb/v7e-m/fpv4-sp/hard/crtbegin.o
                [!provide]                        PROVIDE (__fini_array_end = .)
                0x0000000008003244                . = ALIGN (0x4)
                0x0000000008003244                _sidata = LOADADDR (.data)

.data           0x0000000020000000       0x18 load address 0x0000000008003244
                0x0000000020000000                . = ALIGN (0x4)
                0x0000000020000000                _sdata = .
 *(.data)
 *(.data*)
 .data.state    0x0000000020000000        0x4 Core/Src/main.o
                0x0000000020000000                state
 .data.prev_state
                0x0000000020000004        0x4 Core/Src/main.o
                0x0000000020000004                prev_state
 .data.data_mode
                0x0000000020000008        0x4 Core/Src/main.o
                0x0000000020000008                data_mode
 .data.SystemCoreClock
                0x000000002000000c        0x4 Core/Src/system_stm32f4xx.o
                0x000000002000000c                SystemCoreClock
 .data.uwTickPrio
                0x0000000020000010        0x4 Drivers/STM32F4xx_HAL_Driver/Src/stm32f4xx_hal.o
                0x0000000020000010                uwTickPrio
 .data.uwTickFreq
                0x0000000020000014        0x1 Drivers/STM32F4xx_HAL_Driver/Src/stm32f4xx_hal.o
                0x0000000020000014                uwTickFreq
                0x0000000020000018                . = ALIGN (0x4)
 *fill*         0x0000000020000015        0x3 
                0x0000000020000018                _edata = .

.igot.plt       0x0000000020000018        0x0 load address 0x000000000800325c
 .igot.plt      0x0000000020000018        0x0 c:/st/stm32cubeide_1.2.0/stm32cubeide/plugins/com.st.stm32cube.ide.mcu.externaltools.gnu-tools-for-stm32.7-2018-q2-update.win32_1.0.0.201904181610/tools/bin/../lib/gcc/arm-none-eabi/7.3.1/thumb/v7e-m/fpv4-sp/hard/crtbegin.o
                0x0000000020000018                . = ALIGN (0x4)

.bss            0x0000000020000018       0xd4 load address 0x000000000800325c
                0x0000000020000018                _sbss = .
                0x0000000020000018                __bss_start__ = _sbss
 *(.bss)
 .bss           0x0000000020000018       0x1c c:/st/stm32cubeide_1.2.0/stm32cubeide/plugins/com.st.stm32cube.ide.mcu.externaltools.gnu-tools-for-stm32.7-2018-q2-update.win32_1.0.0.201904181610/tools/bin/../lib/gcc/arm-none-eabi/7.3.1/thumb/v7e-m/fpv4-sp/hard/crtbegin.o
 *(.bss*)
 .bss.HAL_RCC_CAN1_CLK_ENABLED
                0x0000000020000034        0x4 Core/Src/stm32f4xx_hal_msp.o
 *(COMMON)
 COMMON         0x0000000020000038       0xb0 Core/Src/main.o
                0x0000000020000038                hspi3
                0x0000000020000090                hcan2
                0x00000000200000b8                hcan1
                0x00000000200000e0                SPI_BUFFER
 COMMON         0x00000000200000e8        0x4 Drivers/STM32F4xx_HAL_Driver/Src/stm32f4xx_hal.o
                0x00000000200000e8                uwTick
                0x00000000200000ec                . = ALIGN (0x4)
                0x00000000200000ec                _ebss = .
                0x00000000200000ec                __bss_end__ = _ebss

._user_heap_stack
                0x00000000200000ec      0x604 load address 0x000000000800325c
                0x00000000200000f0                . = ALIGN (0x8)
 *fill*         0x00000000200000ec        0x4 
                0x00000000200000f0                PROVIDE (end = .)
                [!provide]                        PROVIDE (_end = .)
                0x00000000200002f0                . = (. + _Min_Heap_Size)
 *fill*         0x00000000200000f0      0x200 
                0x00000000200006f0                . = (. + _Min_Stack_Size)
 *fill*         0x00000000200002f0      0x400 
                0x00000000200006f0                . = ALIGN (0x8)

/DISCARD/
 libc.a(*)
 libm.a(*)
 libgcc.a(*)

.ARM.attributes
                0x0000000000000000       0x30
 *(.ARM.attributes)
 .ARM.attributes
                0x0000000000000000       0x22 c:/st/stm32cubeide_1.2.0/stm32cubeide/plugins/com.st.stm32cube.ide.mcu.externaltools.gnu-tools-for-stm32.7-2018-q2-update.win32_1.0.0.201904181610/tools/bin/../lib/gcc/arm-none-eabi/7.3.1/thumb/v7e-m/fpv4-sp/hard/crti.o
 .ARM.attributes
                0x0000000000000022       0x34 c:/st/stm32cubeide_1.2.0/stm32cubeide/plugins/com.st.stm32cube.ide.mcu.externaltools.gnu-tools-for-stm32.7-2018-q2-update.win32_1.0.0.201904181610/tools/bin/../lib/gcc/arm-none-eabi/7.3.1/thumb/v7e-m/fpv4-sp/hard/crtbegin.o
 .ARM.attributes
                0x0000000000000056       0x39 Core/Src/CC1200_250kbps.o
 .ARM.attributes
                0x000000000000008f       0x39 Core/Src/CC1200_500kbps.o
 .ARM.attributes
                0x00000000000000c8       0x39 Core/Src/CC1200_50kbps.o
 .ARM.attributes
                0x0000000000000101       0x39 Core/Src/main.o
 .ARM.attributes
                0x000000000000013a       0x39 Core/Src/stm32f4xx_hal_msp.o
 .ARM.attributes
                0x0000000000000173       0x39 Core/Src/stm32f4xx_it.o
 .ARM.attributes
                0x00000000000001ac       0x39 Core/Src/system_stm32f4xx.o
 .ARM.attributes
                0x00000000000001e5       0x21 Core/Startup/startup_stm32f407vgtx.o
 .ARM.attributes
                0x0000000000000206       0x39 Drivers/STM32F4xx_HAL_Driver/Src/stm32f4xx_hal.o
 .ARM.attributes
                0x000000000000023f       0x39 Drivers/STM32F4xx_HAL_Driver/Src/stm32f4xx_hal_can.o
 .ARM.attributes
                0x0000000000000278       0x39 Drivers/STM32F4xx_HAL_Driver/Src/stm32f4xx_hal_cortex.o
 .ARM.attributes
                0x00000000000002b1       0x39 Drivers/STM32F4xx_HAL_Driver/Src/stm32f4xx_hal_gpio.o
 .ARM.attributes
                0x00000000000002ea       0x39 Drivers/STM32F4xx_HAL_Driver/Src/stm32f4xx_hal_rcc.o
 .ARM.attributes
                0x0000000000000323       0x39 Drivers/STM32F4xx_HAL_Driver/Src/stm32f4xx_hal_spi.o
 .ARM.attributes
                0x000000000000035c       0x34 c:/st/stm32cubeide_1.2.0/stm32cubeide/plugins/com.st.stm32cube.ide.mcu.externaltools.gnu-tools-for-stm32.7-2018-q2-update.win32_1.0.0.201904181610/tools/bin/../lib/gcc/arm-none-eabi/7.3.1/../../../../arm-none-eabi/lib/thumb/v7e-m/fpv4-sp/hard\libc_nano.a(lib_a-init.o)
 .ARM.attributes
                0x0000000000000390       0x34 c:/st/stm32cubeide_1.2.0/stm32cubeide/plugins/com.st.stm32cube.ide.mcu.externaltools.gnu-tools-for-stm32.7-2018-q2-update.win32_1.0.0.201904181610/tools/bin/../lib/gcc/arm-none-eabi/7.3.1/../../../../arm-none-eabi/lib/thumb/v7e-m/fpv4-sp/hard\libc_nano.a(lib_a-memset.o)
 .ARM.attributes
                0x00000000000003c4       0x22 c:/st/stm32cubeide_1.2.0/stm32cubeide/plugins/com.st.stm32cube.ide.mcu.externaltools.gnu-tools-for-stm32.7-2018-q2-update.win32_1.0.0.201904181610/tools/bin/../lib/gcc/arm-none-eabi/7.3.1/thumb/v7e-m/fpv4-sp/hard\libgcc.a(_aeabi_uldivmod.o)
 .ARM.attributes
                0x00000000000003e6       0x34 c:/st/stm32cubeide_1.2.0/stm32cubeide/plugins/com.st.stm32cube.ide.mcu.externaltools.gnu-tools-for-stm32.7-2018-q2-update.win32_1.0.0.201904181610/tools/bin/../lib/gcc/arm-none-eabi/7.3.1/thumb/v7e-m/fpv4-sp/hard\libgcc.a(_udivmoddi4.o)
 .ARM.attributes
                0x000000000000041a       0x22 c:/st/stm32cubeide_1.2.0/stm32cubeide/plugins/com.st.stm32cube.ide.mcu.externaltools.gnu-tools-for-stm32.7-2018-q2-update.win32_1.0.0.201904181610/tools/bin/../lib/gcc/arm-none-eabi/7.3.1/thumb/v7e-m/fpv4-sp/hard\libgcc.a(_dvmd_tls.o)
 .ARM.attributes
                0x000000000000043c       0x22 c:/st/stm32cubeide_1.2.0/stm32cubeide/plugins/com.st.stm32cube.ide.mcu.externaltools.gnu-tools-for-stm32.7-2018-q2-update.win32_1.0.0.201904181610/tools/bin/../lib/gcc/arm-none-eabi/7.3.1/thumb/v7e-m/fpv4-sp/hard/crtn.o
OUTPUT(TU_CC1200_SEND_TEST.elf elf32-littlearm)

.debug_info     0x0000000000000000     0x7d07
 .debug_info    0x0000000000000000      0x182 Core/Src/CC1200_250kbps.o
 .debug_info    0x0000000000000182      0x182 Core/Src/CC1200_500kbps.o
 .debug_info    0x0000000000000304      0x182 Core/Src/CC1200_50kbps.o
 .debug_info    0x0000000000000486     0x147d Core/Src/main.o
 .debug_info    0x0000000000001903      0xe4a Core/Src/stm32f4xx_hal_msp.o
 .debug_info    0x000000000000274d      0x231 Core/Src/stm32f4xx_it.o
 .debug_info    0x000000000000297e      0x554 Core/Src/system_stm32f4xx.o
 .debug_info    0x0000000000002ed2       0x22 Core/Startup/startup_stm32f407vgtx.o
 .debug_info    0x0000000000002ef4      0x945 Drivers/STM32F4xx_HAL_Driver/Src/stm32f4xx_hal.o
 .debug_info    0x0000000000003839      0xfb3 Drivers/STM32F4xx_HAL_Driver/Src/stm32f4xx_hal_can.o
 .debug_info    0x00000000000047ec      0xe28 Drivers/STM32F4xx_HAL_Driver/Src/stm32f4xx_hal_cortex.o
 .debug_info    0x0000000000005614      0x7b5 Drivers/STM32F4xx_HAL_Driver/Src/stm32f4xx_hal_gpio.o
 .debug_info    0x0000000000005dc9      0x904 Drivers/STM32F4xx_HAL_Driver/Src/stm32f4xx_hal_rcc.o
 .debug_info    0x00000000000066cd     0x163a Drivers/STM32F4xx_HAL_Driver/Src/stm32f4xx_hal_spi.o

.debug_abbrev   0x0000000000000000     0x1557
 .debug_abbrev  0x0000000000000000       0xae Core/Src/CC1200_250kbps.o
 .debug_abbrev  0x00000000000000ae       0xae Core/Src/CC1200_500kbps.o
 .debug_abbrev  0x000000000000015c       0xae Core/Src/CC1200_50kbps.o
 .debug_abbrev  0x000000000000020a      0x25a Core/Src/main.o
 .debug_abbrev  0x0000000000000464      0x1b7 Core/Src/stm32f4xx_hal_msp.o
 .debug_abbrev  0x000000000000061b       0xc6 Core/Src/stm32f4xx_it.o
 .debug_abbrev  0x00000000000006e1      0x12b Core/Src/system_stm32f4xx.o
 .debug_abbrev  0x000000000000080c       0x12 Core/Startup/startup_stm32f407vgtx.o
 .debug_abbrev  0x000000000000081e      0x1c7 Drivers/STM32F4xx_HAL_Driver/Src/stm32f4xx_hal.o
 .debug_abbrev  0x00000000000009e5      0x22a Drivers/STM32F4xx_HAL_Driver/Src/stm32f4xx_hal_can.o
 .debug_abbrev  0x0000000000000c0f      0x2fa Drivers/STM32F4xx_HAL_Driver/Src/stm32f4xx_hal_cortex.o
 .debug_abbrev  0x0000000000000f09      0x1c9 Drivers/STM32F4xx_HAL_Driver/Src/stm32f4xx_hal_gpio.o
 .debug_abbrev  0x00000000000010d2      0x245 Drivers/STM32F4xx_HAL_Driver/Src/stm32f4xx_hal_rcc.o
 .debug_abbrev  0x0000000000001317      0x240 Drivers/STM32F4xx_HAL_Driver/Src/stm32f4xx_hal_spi.o

.debug_aranges  0x0000000000000000      0x7e0
 .debug_aranges
                0x0000000000000000       0x20 Core/Src/CC1200_250kbps.o
 .debug_aranges
                0x0000000000000020       0x20 Core/Src/CC1200_500kbps.o
 .debug_aranges
                0x0000000000000040       0x20 Core/Src/CC1200_50kbps.o
 .debug_aranges
                0x0000000000000060       0x98 Core/Src/main.o
 .debug_aranges
                0x00000000000000f8       0x40 Core/Src/stm32f4xx_hal_msp.o
 .debug_aranges
                0x0000000000000138       0x68 Core/Src/stm32f4xx_it.o
 .debug_aranges
                0x00000000000001a0       0x28 Core/Src/system_stm32f4xx.o
 .debug_aranges
                0x00000000000001c8       0x28 Core/Startup/startup_stm32f407vgtx.o
 .debug_aranges
                0x00000000000001f0       0xf0 Drivers/STM32F4xx_HAL_Driver/Src/stm32f4xx_hal.o
 .debug_aranges
                0x00000000000002e0      0x138 Drivers/STM32F4xx_HAL_Driver/Src/stm32f4xx_hal_can.o
 .debug_aranges
                0x0000000000000418      0x118 Drivers/STM32F4xx_HAL_Driver/Src/stm32f4xx_hal_cortex.o
 .debug_aranges
                0x0000000000000530       0x58 Drivers/STM32F4xx_HAL_Driver/Src/stm32f4xx_hal_gpio.o
 .debug_aranges
                0x0000000000000588       0x88 Drivers/STM32F4xx_HAL_Driver/Src/stm32f4xx_hal_rcc.o
 .debug_aranges
                0x0000000000000610      0x1d0 Drivers/STM32F4xx_HAL_Driver/Src/stm32f4xx_hal_spi.o

.debug_ranges   0x0000000000000000      0x708
 .debug_ranges  0x0000000000000000       0x10 Core/Src/CC1200_250kbps.o
 .debug_ranges  0x0000000000000010       0x10 Core/Src/CC1200_500kbps.o
 .debug_ranges  0x0000000000000020       0x10 Core/Src/CC1200_50kbps.o
 .debug_ranges  0x0000000000000030       0x88 Core/Src/main.o
 .debug_ranges  0x00000000000000b8       0x30 Core/Src/stm32f4xx_hal_msp.o
 .debug_ranges  0x00000000000000e8       0x58 Core/Src/stm32f4xx_it.o
 .debug_ranges  0x0000000000000140       0x18 Core/Src/system_stm32f4xx.o
 .debug_ranges  0x0000000000000158       0x20 Core/Startup/startup_stm32f407vgtx.o
 .debug_ranges  0x0000000000000178       0xe0 Drivers/STM32F4xx_HAL_Driver/Src/stm32f4xx_hal.o
 .debug_ranges  0x0000000000000258      0x128 Drivers/STM32F4xx_HAL_Driver/Src/stm32f4xx_hal_can.o
 .debug_ranges  0x0000000000000380      0x108 Drivers/STM32F4xx_HAL_Driver/Src/stm32f4xx_hal_cortex.o
 .debug_ranges  0x0000000000000488       0x48 Drivers/STM32F4xx_HAL_Driver/Src/stm32f4xx_hal_gpio.o
 .debug_ranges  0x00000000000004d0       0x78 Drivers/STM32F4xx_HAL_Driver/Src/stm32f4xx_hal_rcc.o
 .debug_ranges  0x0000000000000548      0x1c0 Drivers/STM32F4xx_HAL_Driver/Src/stm32f4xx_hal_spi.o

.debug_macro    0x0000000000000000    0x20626
 .debug_macro   0x0000000000000000      0x1d3 Core/Src/CC1200_250kbps.o
 .debug_macro   0x00000000000001d3      0xa5a Core/Src/CC1200_250kbps.o
 .debug_macro   0x0000000000000c2d      0x18a Core/Src/CC1200_250kbps.o
 .debug_macro   0x0000000000000db7       0x32 Core/Src/CC1200_250kbps.o
 .debug_macro   0x0000000000000de9       0x2f Core/Src/CC1200_250kbps.o
 .debug_macro   0x0000000000000e18       0x22 Core/Src/CC1200_250kbps.o
 .debug_macro   0x0000000000000e3a       0x8e Core/Src/CC1200_250kbps.o
 .debug_macro   0x0000000000000ec8       0x51 Core/Src/CC1200_250kbps.o
 .debug_macro   0x0000000000000f19       0xef Core/Src/CC1200_250kbps.o
 .debug_macro   0x0000000000001008       0x6a Core/Src/CC1200_250kbps.o
 .debug_macro   0x0000000000001072      0x1df Core/Src/CC1200_250kbps.o
 .debug_macro   0x0000000000001251       0x1c Core/Src/CC1200_250kbps.o
 .debug_macro   0x000000000000126d       0x22 Core/Src/CC1200_250kbps.o
 .debug_macro   0x000000000000128f       0xdf Core/Src/CC1200_250kbps.o
 .debug_macro   0x000000000000136e     0x102d Core/Src/CC1200_250kbps.o
 .debug_macro   0x000000000000239b      0x11f Core/Src/CC1200_250kbps.o
 .debug_macro   0x00000000000024ba    0x15e3c Core/Src/CC1200_250kbps.o
 .debug_macro   0x00000000000182f6       0x43 Core/Src/CC1200_250kbps.o
 .debug_macro   0x0000000000018339     0x3652 Core/Src/CC1200_250kbps.o
 .debug_macro   0x000000000001b98b      0x174 Core/Src/CC1200_250kbps.o
 .debug_macro   0x000000000001baff       0x5a Core/Src/CC1200_250kbps.o
 .debug_macro   0x000000000001bb59      0x96b Core/Src/CC1200_250kbps.o
 .debug_macro   0x000000000001c4c4      0x9fe Core/Src/CC1200_250kbps.o
 .debug_macro   0x000000000001cec2      0x174 Core/Src/CC1200_250kbps.o
 .debug_macro   0x000000000001d036      0x117 Core/Src/CC1200_250kbps.o
 .debug_macro   0x000000000001d14d      0x13e Core/Src/CC1200_250kbps.o
 .debug_macro   0x000000000001d28b       0x27 Core/Src/CC1200_250kbps.o
 .debug_macro   0x000000000001d2b2      0x287 Core/Src/CC1200_250kbps.o
 .debug_macro   0x000000000001d539       0x5f Core/Src/CC1200_250kbps.o
 .debug_macro   0x000000000001d598      0x236 Core/Src/CC1200_250kbps.o
 .debug_macro   0x000000000001d7ce      0x40f Core/Src/CC1200_250kbps.o
 .debug_macro   0x000000000001dbdd      0x12c Core/Src/CC1200_250kbps.o
 .debug_macro   0x000000000001dd09      0x21e Core/Src/CC1200_250kbps.o
 .debug_macro   0x000000000001df27       0x2e Core/Src/CC1200_250kbps.o
 .debug_macro   0x000000000001df55      0x11a Core/Src/CC1200_250kbps.o
 .debug_macro   0x000000000001e06f       0x7e Core/Src/CC1200_250kbps.o
 .debug_macro   0x000000000001e0ed       0x89 Core/Src/CC1200_250kbps.o
 .debug_macro   0x000000000001e176      0x225 Core/Src/CC1200_250kbps.o
 .debug_macro   0x000000000001e39b      0x12d Core/Src/CC1200_250kbps.o
 .debug_macro   0x000000000001e4c8      0x5c5 Core/Src/CC1200_250kbps.o
 .debug_macro   0x000000000001ea8d      0x1d3 Core/Src/CC1200_500kbps.o
 .debug_macro   0x000000000001ec60      0x1d3 Core/Src/CC1200_50kbps.o
 .debug_macro   0x000000000001ee33      0x710 Core/Src/main.o
 .debug_macro   0x000000000001f543      0x1d3 Core/Src/stm32f4xx_hal_msp.o
 .debug_macro   0x000000000001f716      0x1dd Core/Src/stm32f4xx_it.o
 .debug_macro   0x000000000001f8f3      0x1ca Core/Src/system_stm32f4xx.o
 .debug_macro   0x000000000001fabd      0x224 Drivers/STM32F4xx_HAL_Driver/Src/stm32f4xx_hal.o
 .debug_macro   0x000000000001fce1      0x1cc Drivers/STM32F4xx_HAL_Driver/Src/stm32f4xx_hal_can.o
 .debug_macro   0x000000000001fead      0x1c4 Drivers/STM32F4xx_HAL_Driver/Src/stm32f4xx_hal_cortex.o
 .debug_macro   0x0000000000020071      0x1fa Drivers/STM32F4xx_HAL_Driver/Src/stm32f4xx_hal_gpio.o
 .debug_macro   0x000000000002026b      0x1e8 Drivers/STM32F4xx_HAL_Driver/Src/stm32f4xx_hal_rcc.o
 .debug_macro   0x0000000000020453      0x1d3 Drivers/STM32F4xx_HAL_Driver/Src/stm32f4xx_hal_spi.o

.debug_line     0x0000000000000000     0x72a7
 .debug_line    0x0000000000000000      0x6d2 Core/Src/CC1200_250kbps.o
 .debug_line    0x00000000000006d2      0x6d4 Core/Src/CC1200_500kbps.o
 .debug_line    0x0000000000000da6      0x6cd Core/Src/CC1200_50kbps.o
 .debug_line    0x0000000000001473      0x8b6 Core/Src/main.o
 .debug_line    0x0000000000001d29      0x722 Core/Src/stm32f4xx_hal_msp.o
 .debug_line    0x000000000000244b      0x75c Core/Src/stm32f4xx_it.o
 .debug_line    0x0000000000002ba7      0x6c1 Core/Src/system_stm32f4xx.o
 .debug_line    0x0000000000003268       0x86 Core/Startup/startup_stm32f407vgtx.o
 .debug_line    0x00000000000032ee      0x8ab Drivers/STM32F4xx_HAL_Driver/Src/stm32f4xx_hal.o
 .debug_line    0x0000000000003b99      0xb54 Drivers/STM32F4xx_HAL_Driver/Src/stm32f4xx_hal_can.o
 .debug_line    0x00000000000046ed      0x9cf Drivers/STM32F4xx_HAL_Driver/Src/stm32f4xx_hal_cortex.o
 .debug_line    0x00000000000050bc      0x88a Drivers/STM32F4xx_HAL_Driver/Src/stm32f4xx_hal_gpio.o
 .debug_line    0x0000000000005946      0x903 Drivers/STM32F4xx_HAL_Driver/Src/stm32f4xx_hal_rcc.o
 .debug_line    0x0000000000006249     0x105e Drivers/STM32F4xx_HAL_Driver/Src/stm32f4xx_hal_spi.o

.debug_str      0x0000000000000000    0xc083b
 .debug_str     0x0000000000000000    0xbddf4 Core/Src/CC1200_250kbps.o
                                      0xbe064 (size before relaxing)
 .debug_str     0x00000000000bddf4       0x35 Core/Src/CC1200_500kbps.o
                                      0xbe064 (size before relaxing)
 .debug_str     0x00000000000bde29       0x33 Core/Src/CC1200_50kbps.o
                                      0xbe062 (size before relaxing)
 .debug_str     0x00000000000bde5c      0xf47 Core/Src/main.o
                                      0xbf053 (size before relaxing)
 .debug_str     0x00000000000beda3       0x93 Core/Src/stm32f4xx_hal_msp.o
                                      0xbe8a4 (size before relaxing)
 .debug_str     0x00000000000bee36       0xd0 Core/Src/stm32f4xx_it.o
                                      0xbe113 (size before relaxing)
 .debug_str     0x00000000000bef06       0xc4 Core/Src/system_stm32f4xx.o
                                      0xbd395 (size before relaxing)
 .debug_str     0x00000000000befca       0x36 Core/Startup/startup_stm32f407vgtx.o
                                         0x7c (size before relaxing)
 .debug_str     0x00000000000bf000      0x58d Drivers/STM32F4xx_HAL_Driver/Src/stm32f4xx_hal.o
                                      0xbde62 (size before relaxing)
 .debug_str     0x00000000000bf58d      0x575 Drivers/STM32F4xx_HAL_Driver/Src/stm32f4xx_hal_can.o
                                      0xbda8c (size before relaxing)
 .debug_str     0x00000000000bfb02      0x399 Drivers/STM32F4xx_HAL_Driver/Src/stm32f4xx_hal_cortex.o
                                      0xbdc51 (size before relaxing)
 .debug_str     0x00000000000bfe9b      0x1ec Drivers/STM32F4xx_HAL_Driver/Src/stm32f4xx_hal_gpio.o
                                      0xbd5d4 (size before relaxing)
 .debug_str     0x00000000000c0087      0x259 Drivers/STM32F4xx_HAL_Driver/Src/stm32f4xx_hal_rcc.o
                                      0xbd782 (size before relaxing)
 .debug_str     0x00000000000c02e0      0x55b Drivers/STM32F4xx_HAL_Driver/Src/stm32f4xx_hal_spi.o
                                      0xbdc03 (size before relaxing)

.comment        0x0000000000000000       0x7b
 .comment       0x0000000000000000       0x7b Core/Src/CC1200_250kbps.o
                                         0x7c (size before relaxing)
 .comment       0x000000000000007b       0x7c Core/Src/CC1200_500kbps.o
 .comment       0x000000000000007b       0x7c Core/Src/CC1200_50kbps.o
 .comment       0x000000000000007b       0x7c Core/Src/main.o
 .comment       0x000000000000007b       0x7c Core/Src/stm32f4xx_hal_msp.o
 .comment       0x000000000000007b       0x7c Core/Src/stm32f4xx_it.o
 .comment       0x000000000000007b       0x7c Core/Src/system_stm32f4xx.o
 .comment       0x000000000000007b       0x7c Drivers/STM32F4xx_HAL_Driver/Src/stm32f4xx_hal.o
 .comment       0x000000000000007b       0x7c Drivers/STM32F4xx_HAL_Driver/Src/stm32f4xx_hal_can.o
 .comment       0x000000000000007b       0x7c Drivers/STM32F4xx_HAL_Driver/Src/stm32f4xx_hal_cortex.o
 .comment       0x000000000000007b       0x7c Drivers/STM32F4xx_HAL_Driver/Src/stm32f4xx_hal_gpio.o
 .comment       0x000000000000007b       0x7c Drivers/STM32F4xx_HAL_Driver/Src/stm32f4xx_hal_rcc.o
 .comment       0x000000000000007b       0x7c Drivers/STM32F4xx_HAL_Driver/Src/stm32f4xx_hal_spi.o

.debug_frame    0x0000000000000000     0x1ea0
 .debug_frame   0x0000000000000000       0x2c Core/Src/CC1200_250kbps.o
 .debug_frame   0x000000000000002c       0x2c Core/Src/CC1200_500kbps.o
 .debug_frame   0x0000000000000058       0x2c Core/Src/CC1200_50kbps.o
 .debug_frame   0x0000000000000084      0x21c Core/Src/main.o
 .debug_frame   0x00000000000002a0       0xc8 Core/Src/stm32f4xx_hal_msp.o
 .debug_frame   0x0000000000000368      0x128 Core/Src/stm32f4xx_it.o
 .debug_frame   0x0000000000000490       0x58 Core/Src/system_stm32f4xx.o
 .debug_frame   0x00000000000004e8      0x374 Drivers/STM32F4xx_HAL_Driver/Src/stm32f4xx_hal.o
 .debug_frame   0x000000000000085c      0x5a0 Drivers/STM32F4xx_HAL_Driver/Src/stm32f4xx_hal_can.o
 .debug_frame   0x0000000000000dfc      0x498 Drivers/STM32F4xx_HAL_Driver/Src/stm32f4xx_hal_cortex.o
 .debug_frame   0x0000000000001294      0x14c Drivers/STM32F4xx_HAL_Driver/Src/stm32f4xx_hal_gpio.o
 .debug_frame   0x00000000000013e0      0x1f0 Drivers/STM32F4xx_HAL_Driver/Src/stm32f4xx_hal_rcc.o
 .debug_frame   0x00000000000015d0      0x824 Drivers/STM32F4xx_HAL_Driver/Src/stm32f4xx_hal_spi.o
 .debug_frame   0x0000000000001df4       0x2c c:/st/stm32cubeide_1.2.0/stm32cubeide/plugins/com.st.stm32cube.ide.mcu.externaltools.gnu-tools-for-stm32.7-2018-q2-update.win32_1.0.0.201904181610/tools/bin/../lib/gcc/arm-none-eabi/7.3.1/../../../../arm-none-eabi/lib/thumb/v7e-m/fpv4-sp/hard\libc_nano.a(lib_a-init.o)
 .debug_frame   0x0000000000001e20       0x20 c:/st/stm32cubeide_1.2.0/stm32cubeide/plugins/com.st.stm32cube.ide.mcu.externaltools.gnu-tools-for-stm32.7-2018-q2-update.win32_1.0.0.201904181610/tools/bin/../lib/gcc/arm-none-eabi/7.3.1/../../../../arm-none-eabi/lib/thumb/v7e-m/fpv4-sp/hard\libc_nano.a(lib_a-memset.o)
 .debug_frame   0x0000000000001e40       0x2c c:/st/stm32cubeide_1.2.0/stm32cubeide/plugins/com.st.stm32cube.ide.mcu.externaltools.gnu-tools-for-stm32.7-2018-q2-update.win32_1.0.0.201904181610/tools/bin/../lib/gcc/arm-none-eabi/7.3.1/thumb/v7e-m/fpv4-sp/hard\libgcc.a(_aeabi_uldivmod.o)
 .debug_frame   0x0000000000001e6c       0x34 c:/st/stm32cubeide_1.2.0/stm32cubeide/plugins/com.st.stm32cube.ide.mcu.externaltools.gnu-tools-for-stm32.7-2018-q2-update.win32_1.0.0.201904181610/tools/bin/../lib/gcc/arm-none-eabi/7.3.1/thumb/v7e-m/fpv4-sp/hard\libgcc.a(_udivmoddi4.o)
