main.c:167:6:CS_Select	8	static
main.c:173:6:CS_Deselect	8	static
main.c:178:6:wait_Miso	8	static
main.c:185:6:writeReg	16	static
main.c:195:6:halRfWriteReg	16	static
main.c:201:6:command_strobe1	16	static
main.c:210:6:send_data	32	static
main.c:227:6:send_data_sequence	40	static
main.c:252:6:readReg	32	static
main.c:263:6:readRegBurst	32	static
main.c:284:5:main	16	static
main.c:449:6:SystemClock_Config	112	static
main.c:493:13:MX_SPI1_Init	8	static
main.c:533:13:MX_TIM16_Init	8	static
main.c:565:13:MX_USART2_UART_Init	8	static
main.c:600:13:MX_GPIO_Init	56	static
main.c:642:7:HAL_GPIO_EXTI_Callback	24	static
main.c:716:6:Error_Handler	8	static
