main.c:162:6:CS_Select	8	static
main.c:168:6:CS_Deselect	8	static
main.c:173:6:wait_Miso	8	static
main.c:180:6:writeReg	16	static
main.c:190:6:halRfWriteReg	16	static
main.c:196:6:command_strobe1	16	static
main.c:205:6:send_data	32	static
main.c:222:6:send_data_sequence	40	static
main.c:247:6:readReg	32	static
main.c:258:6:readRegBurst	32	static
main.c:279:5:main	16	static
main.c:426:6:SystemClock_Config	112	static
main.c:470:13:MX_SPI1_Init	8	static
main.c:510:13:MX_USART2_UART_Init	8	static
main.c:545:13:MX_GPIO_Init	56	static
main.c:587:7:HAL_GPIO_EXTI_Callback	48	static,ignoring_inline_asm
main.c:659:6:Error_Handler	8	static
