main.c:148:6:CS_Select	8	static
main.c:154:6:CS_Deselect	8	static
main.c:159:6:wait_Miso	8	static,ignoring_inline_asm
main.c:166:6:writeReg	16	static
main.c:176:6:halRfWriteReg	16	static
main.c:182:6:command_strobe1	16	static
main.c:191:6:send_data	32	static
main.c:208:6:send_data_sequence	40	static
main.c:233:6:readReg	32	static
main.c:250:5:main	248	dynamic
main.c:412:6:SystemClock_Config	112	static
main.c:456:13:MX_SPI1_Init	8	static
main.c:496:13:MX_USART2_UART_Init	8	static
main.c:531:13:MX_GPIO_Init	56	static
main.c:567:7:HAL_GPIO_EXTI_Callback	16	static,ignoring_inline_asm
main.c:592:6:Error_Handler	8	static
