main.c:293:6:CS_Select	8	static
main.c:300:6:CS_Deselect	8	static
main.c:306:6:wait_Miso	8	static,ignoring_inline_asm
main.c:313:6:writeReg	24	static
main.c:335:6:halRfWriteReg	16	static
main.c:341:6:command_strobe1	16	static
main.c:350:6:readReg	24	static
main.c:376:6:send_data_sequence	24	static
main.c:404:5:main	40	dynamic
main.c:530:6:SystemClock_Config	88	static
main.c:569:13:MX_CAN1_Init	8	static
main.c:606:13:MX_CAN2_Init	8	static
main.c:643:13:MX_SPI3_Init	8	static
main.c:681:13:MX_TIM11_Init	8	static
main.c:712:13:MX_GPIO_Init	48	static
main.c:771:7:HAL_GPIO_EXTI_Callback	16	static
main.c:814:6:HAL_TIM_PeriodElapsedCallback	16	static
main.c:834:6:Error_Handler	4	static
